[INFO] - app_logger - document_router.py:37 - credentials : scheme='Bearer' credentials='eyJhbGciOiJIUzI1NiIsInR5cCI6IkpXVCJ9.eyJzdWIiOiJ1c2VybmFtZSIsImV4cCI6MTc2MjE2ODE5MSwidHlwZSI6ImFjY2VzcyJ9.7vi3m2WY-aj9pV37SW8aZ4Kdx0rYCc9sBHrDEW9hu_s'
[INFO] - app_logger - security.py:42 - Token verified successfully
[INFO] - app_logger - document_router.py:58 - current_user : {'sub': 'username', 'exp': 1762168191, 'type': 'access'}
[INFO] - app_logger - document_router.py:60 - new_document : doc_title='Tittle' description='string' content='string' doc_page_count=0 is_valid=True doc_id='a63b55be-dd4c-4cf3-99ff-4c98d2f74cfe' s3_url=None
[INFO] - app_logger - s3_storage.py:67 - bucket_name=====================================================my-local-bucket
[INFO] - app_logger - s3_storage.py:68 - s3_client====================================================<botocore.client.S3 object at 0x00000219E62FB0E0>
[INFO] - app_logger - document_router.py:58 - current_user : Depends(get_current_user)
[INFO] - app_logger - document_router.py:60 - new_document : doc_title='Tittle' description='string' content='string' doc_page_count=0 is_valid=True doc_id='a63b55be-dd4c-4cf3-99ff-4c98d2f74cfe' s3_url='documents/a63b55be-dd4c-4cf3-99ff-4c98d2f74cfe.json'
[INFO] - app_logger - main.py:24 - Application shutting down...
[INFO] - app_logger - main.py:20 - All required tables are ready.
[INFO] - app_logger - main.py:21 - Application starting...
[INFO] - app_logger - main.py:24 - Application shutting down...
[INFO] - app_logger - main.py:20 - All required tables are ready.
[INFO] - app_logger - main.py:21 - Application starting...
[INFO] - app_logger - main.py:20 - All required tables are ready.
[INFO] - app_logger - main.py:21 - Application starting...
[INFO] - app_logger - document_router.py:36 - credentials : scheme='Bearer' credentials='eyJhbGciOiJIUzI1NiIsInR5cCI6IkpXVCJ9.eyJzdWIiOiJ1c2VybmFtZSIsImV4cCI6MTc2MjE2ODE5MSwidHlwZSI6ImFjY2VzcyJ9.7vi3m2WY-aj9pV37SW8aZ4Kdx0rYCc9sBHrDEW9hu_s'
[INFO] - app_logger - auth_router.py:24 - login_user
[INFO] - app_logger - security.py:20 - Access token created successfully
[INFO] - app_logger - security.py:32 - Refresh token created successfully
[INFO] - app_logger - document_router.py:36 - credentials : scheme='Bearer' credentials='eyJhbGciOiJIUzI1NiIsInR5cCI6IkpXVCJ9.eyJzdWIiOiJ1c2VybmFtZSIsImV4cCI6MTc2MjE2OTE4OSwidHlwZSI6ImFjY2VzcyJ9.9YOixvdDHvcU-tDVFm1VrakzoizWcG7450iGbjAOO48'
[INFO] - app_logger - security.py:42 - Token verified successfully
[INFO] - app_logger - document_router.py:57 - current_user : {'sub': 'username', 'exp': 1762169189, 'type': 'access'}
[INFO] - app_logger - document_router.py:59 - new_document : doc_title='Tittle' description='string' content='string' doc_page_count=0 is_valid=True doc_id='6bc02a45-bea2-4e7d-8c41-210e1e4b018e' s3_url=None
[INFO] - app_logger - s3_storage.py:67 - bucket_name=====================================================my-local-bucket
[INFO] - app_logger - s3_storage.py:68 - s3_client====================================================<botocore.client.S3 object at 0x000002023732B0E0>
[INFO] - app_logger - document_router.py:57 - current_user : Depends(get_current_user)
[INFO] - app_logger - document_router.py:59 - new_document : doc_title='Tittle' description='string' content='string' doc_page_count=0 is_valid=True doc_id='6bc02a45-bea2-4e7d-8c41-210e1e4b018e' s3_url='documents/6bc02a45-bea2-4e7d-8c41-210e1e4b018e.json'
[INFO] - app_logger - main.py:24 - Application shutting down...
[INFO] - app_logger - main.py:20 - All required tables are ready.
[INFO] - app_logger - main.py:21 - Application starting...
[INFO] - app_logger - main.py:24 - Application shutting down...
[INFO] - app_logger - main.py:20 - All required tables are ready.
[INFO] - app_logger - main.py:21 - Application starting...
[INFO] - app_logger - document_router.py:36 - credentials : scheme='Bearer' credentials='eyJhbGciOiJIUzI1NiIsInR5cCI6IkpXVCJ9.eyJzdWIiOiJ1c2VybmFtZSIsImV4cCI6MTc2MjE2OTE4OSwidHlwZSI6ImFjY2VzcyJ9.9YOixvdDHvcU-tDVFm1VrakzoizWcG7450iGbjAOO48'
[INFO] - app_logger - security.py:42 - Token verified successfully
[INFO] - app_logger - document_router.py:57 - current_user : {'sub': 'username', 'exp': 1762169189, 'type': 'access'}
[INFO] - app_logger - document_router.py:59 - new_document : doc_title='Tittle' description='string' content='string' doc_page_count=0 is_valid=True doc_id='9a28a085-3a9a-40a6-bbbe-7a063721029a' s3_url=None
[INFO] - app_logger - s3_storage.py:67 - bucket_name=====================================================my-local-bucket
[INFO] - app_logger - s3_storage.py:68 - s3_client====================================================<botocore.client.S3 object at 0x00000136F06BB0E0>
[INFO] - app_logger - database.py:20 - pydantic objectdoc_title='Tittle' description='string' content='string' doc_page_count=0 is_valid=True doc_id='9a28a085-3a9a-40a6-bbbe-7a063721029a' s3_url='documents/9a28a085-3a9a-40a6-bbbe-7a063721029a.json'
[INFO] - app_logger - database.py:21 - document  {'doc_title': 'Tittle', 'description': 'string', 'content': 'string', 'doc_page_count': 0, 'is_valid': True, 'doc_id': '9a28a085-3a9a-40a6-bbbe-7a063721029a', 's3_url': 'documents/9a28a085-3a9a-40a6-bbbe-7a063721029a.json'}
[INFO] - app_logger - document_router.py:36 - credentials : scheme='Bearer' credentials='eyJhbGciOiJIUzI1NiIsInR5cCI6IkpXVCJ9.eyJzdWIiOiJ1c2VybmFtZSIsImV4cCI6MTc2MjE2OTE4OSwidHlwZSI6ImFjY2VzcyJ9.9YOixvdDHvcU-tDVFm1VrakzoizWcG7450iGbjAOO48'
[INFO] - app_logger - security.py:42 - Token verified successfully
[INFO] - app_logger - document_router.py:36 - credentials : scheme='Bearer' credentials='eyJhbGciOiJIUzI1NiIsInR5cCI6IkpXVCJ9.eyJzdWIiOiJ1c2VybmFtZSIsImV4cCI6MTc2MjE2OTE4OSwidHlwZSI6ImFjY2VzcyJ9.9YOixvdDHvcU-tDVFm1VrakzoizWcG7450iGbjAOO48'
[INFO] - app_logger - security.py:42 - Token verified successfully
[INFO] - app_logger - document_router.py:36 - credentials : scheme='Bearer' credentials='eyJhbGciOiJIUzI1NiIsInR5cCI6IkpXVCJ9.eyJzdWIiOiJ1c2VybmFtZSIsImV4cCI6MTc2MjE2OTE4OSwidHlwZSI6ImFjY2VzcyJ9.9YOixvdDHvcU-tDVFm1VrakzoizWcG7450iGbjAOO48'
[INFO] - app_logger - security.py:42 - Token verified successfully
[INFO] - app_logger - main.py:24 - Application shutting down...
[INFO] - app_logger - main.py:20 - All required tables are ready.
[INFO] - app_logger - main.py:21 - Application starting...
[INFO] - app_logger - main.py:24 - Application shutting down...
[INFO] - app_logger - main.py:20 - All required tables are ready.
[INFO] - app_logger - main.py:21 - Application starting...
[INFO] - app_logger - main.py:24 - Application shutting down...
[INFO] - app_logger - main.py:20 - All required tables are ready.
[INFO] - app_logger - main.py:21 - Application starting...
[INFO] - app_logger - main.py:24 - Application shutting down...
[INFO] - app_logger - main.py:20 - All required tables are ready.
[INFO] - app_logger - main.py:21 - Application starting...
[INFO] - app_logger - main.py:24 - Application shutting down...
[INFO] - app_logger - main.py:20 - All required tables are ready.
[INFO] - app_logger - main.py:21 - Application starting...
[INFO] - app_logger - main.py:20 - All required tables are ready.
[INFO] - app_logger - main.py:21 - Application starting...
[INFO] - app_logger - main.py:20 - All required tables are ready.
[INFO] - app_logger - main.py:21 - Application starting...
[INFO] - app_logger - main.py:24 - Application shutting down...
[INFO] - app_logger - main.py:20 - All required tables are ready.
[INFO] - app_logger - main.py:21 - Application starting...
[INFO] - app_logger - main.py:24 - Application shutting down...
[INFO] - app_logger - main.py:20 - All required tables are ready.
[INFO] - app_logger - main.py:21 - Application starting...
[INFO] - app_logger - document_router.py:36 - credentials : scheme='Bearer' credentials='eyJhbGciOiJIUzI1NiIsInR5cCI6IkpXVCJ9.eyJzdWIiOiJ1c2VybmFtZSIsImV4cCI6MTc2MjE2OTE4OSwidHlwZSI6ImFjY2VzcyJ9.9YOixvdDHvcU-tDVFm1VrakzoizWcG7450iGbjAOO48'
[INFO] - app_logger - security.py:42 - Token verified successfully
[INFO] - app_logger - document_router.py:36 - credentials : scheme='Bearer' credentials='eyJhbGciOiJIUzI1NiIsInR5cCI6IkpXVCJ9.eyJzdWIiOiJ1c2VybmFtZSIsImV4cCI6MTc2MjE2OTE4OSwidHlwZSI6ImFjY2VzcyJ9.9YOixvdDHvcU-tDVFm1VrakzoizWcG7450iGbjAOO48'
[INFO] - app_logger - security.py:42 - Token verified successfully
[INFO] - app_logger - main.py:24 - Application shutting down...
[INFO] - app_logger - main.py:20 - All required tables are ready.
[INFO] - app_logger - main.py:21 - Application starting...
[INFO] - app_logger - main.py:24 - Application shutting down...
[INFO] - app_logger - main.py:20 - All required tables are ready.
[INFO] - app_logger - main.py:21 - Application starting...
[INFO] - app_logger - main.py:24 - Application shutting down...
[INFO] - app_logger - main.py:20 - All required tables are ready.
[INFO] - app_logger - main.py:21 - Application starting...
[INFO] - app_logger - main.py:20 - All required tables are ready.
[INFO] - app_logger - main.py:21 - Application starting...
[INFO] - app_logger - main.py:24 - Application shutting down...
[INFO] - app_logger - main.py:20 - All required tables are ready.
[INFO] - app_logger - main.py:21 - Application starting...
[INFO] - app_logger - main.py:24 - Application shutting down...
[INFO] - app_logger - main.py:20 - All required tables are ready.
[INFO] - app_logger - main.py:21 - Application starting...
[INFO] - app_logger - main.py:24 - Application shutting down...
[INFO] - app_logger - main.py:20 - All required tables are ready.
[INFO] - app_logger - main.py:21 - Application starting...
[INFO] - app_logger - main.py:20 - All required tables are ready.
[INFO] - app_logger - main.py:21 - Application starting...
[INFO] - app_logger - main.py:24 - Application shutting down...
[INFO] - app_logger - main.py:20 - All required tables are ready.
[INFO] - app_logger - main.py:21 - Application starting...
[INFO] - app_logger - document_router.py:36 - credentials : scheme='Bearer' credentials='eyJhbGciOiJIUzI1NiIsInR5cCI6IkpXVCJ9.eyJzdWIiOiJ1c2VybmFtZSIsImV4cCI6MTc2MjE2OTE4OSwidHlwZSI6ImFjY2VzcyJ9.9YOixvdDHvcU-tDVFm1VrakzoizWcG7450iGbjAOO48'
[INFO] - app_logger - security.py:42 - Token verified successfully
[INFO] - app_logger - main.py:24 - Application shutting down...
[INFO] - app_logger - main.py:20 - All required tables are ready.
[INFO] - app_logger - main.py:21 - Application starting...
[INFO] - app_logger - main.py:24 - Application shutting down...
[INFO] - app_logger - main.py:20 - All required tables are ready.
[INFO] - app_logger - main.py:21 - Application starting...
[INFO] - app_logger - main.py:24 - Application shutting down...
[INFO] - app_logger - main.py:20 - All required tables are ready.
[INFO] - app_logger - main.py:21 - Application starting...
[INFO] - app_logger - main.py:24 - Application shutting down...
[INFO] - app_logger - main.py:20 - All required tables are ready.
[INFO] - app_logger - main.py:21 - Application starting...
[INFO] - app_logger - main.py:24 - Application shutting down...
[INFO] - app_logger - main.py:20 - All required tables are ready.
[INFO] - app_logger - main.py:21 - Application starting...
[INFO] - app_logger - main.py:20 - All required tables are ready.
[INFO] - app_logger - main.py:21 - Application starting...
[INFO] - app_logger - main.py:24 - Application shutting down...
[INFO] - app_logger - main.py:20 - All required tables are ready.
[INFO] - app_logger - main.py:21 - Application starting...
[INFO] - app_logger - main.py:24 - Application shutting down...
[INFO] - app_logger - main.py:20 - All required tables are ready.
[INFO] - app_logger - main.py:21 - Application starting...
[INFO] - app_logger - main.py:24 - Application shutting down...
[INFO] - app_logger - main.py:20 - All required tables are ready.
[INFO] - app_logger - main.py:21 - Application starting...
[INFO] - app_logger - main.py:20 - All required tables are ready.
[INFO] - app_logger - main.py:21 - Application starting...
[INFO] - app_logger - main.py:24 - Application shutting down...
[INFO] - app_logger - main.py:20 - All required tables are ready.
[INFO] - app_logger - main.py:21 - Application starting...
[INFO] - app_logger - main.py:24 - Application shutting down...
[INFO] - app_logger - main.py:20 - All required tables are ready.
[INFO] - app_logger - main.py:21 - Application starting...
[INFO] - app_logger - main.py:20 - All required tables are ready.
[INFO] - app_logger - main.py:21 - Application starting...
[INFO] - app_logger - document_router.py:36 - credentials : scheme='Bearer' credentials='eyJhbGciOiJIUzI1NiIsInR5cCI6IkpXVCJ9.eyJzdWIiOiJ1c2VybmFtZSIsImV4cCI6MTc2MjE2OTE4OSwidHlwZSI6ImFjY2VzcyJ9.9YOixvdDHvcU-tDVFm1VrakzoizWcG7450iGbjAOO48'
[INFO] - app_logger - auth_router.py:24 - login_user
[INFO] - app_logger - security.py:20 - Access token created successfully
[INFO] - app_logger - security.py:32 - Refresh token created successfully
[INFO] - app_logger - document_router.py:36 - credentials : scheme='Bearer' credentials='eyJhbGciOiJIUzI1NiIsInR5cCI6IkpXVCJ9.eyJzdWIiOiJ1c2VybmFtZSIsImV4cCI6MTc2MjE3MDIwMSwidHlwZSI6ImFjY2VzcyJ9.WTx8XNJxwD95nxnKhNwwrDD4SvU2LrjesWDPbo-YCAA'
[INFO] - app_logger - security.py:42 - Token verified successfully
[INFO] - app_logger - main.py:24 - Application shutting down...
[INFO] - app_logger - main.py:20 - All required tables are ready.
[INFO] - app_logger - main.py:21 - Application starting...
[INFO] - app_logger - main.py:24 - Application shutting down...
[INFO] - app_logger - main.py:20 - All required tables are ready.
[INFO] - app_logger - main.py:21 - Application starting...
[INFO] - app_logger - main.py:24 - Application shutting down...
[INFO] - app_logger - main.py:20 - All required tables are ready.
[INFO] - app_logger - main.py:21 - Application starting...
[INFO] - app_logger - main.py:24 - Application shutting down...
[INFO] - app_logger - main.py:20 - All required tables are ready.
[INFO] - app_logger - main.py:21 - Application starting...
[INFO] - app_logger - main.py:24 - Application shutting down...
[INFO] - app_logger - main.py:20 - All required tables are ready.
[INFO] - app_logger - main.py:21 - Application starting...
[INFO] - app_logger - main.py:24 - Application shutting down...
[INFO] - app_logger - main.py:20 - All required tables are ready.
[INFO] - app_logger - main.py:21 - Application starting...
[INFO] - app_logger - main.py:24 - Application shutting down...
[INFO] - app_logger - main.py:20 - All required tables are ready.
[INFO] - app_logger - main.py:21 - Application starting...
[INFO] - app_logger - document_router.py:36 - credentials : scheme='Bearer' credentials='eyJhbGciOiJIUzI1NiIsInR5cCI6IkpXVCJ9.eyJzdWIiOiJ1c2VybmFtZSIsImV4cCI6MTc2MjE3MDIwMSwidHlwZSI6ImFjY2VzcyJ9.WTx8XNJxwD95nxnKhNwwrDD4SvU2LrjesWDPbo-YCAA'
[INFO] - app_logger - security.py:42 - Token verified successfully
[INFO] - app_logger - document_router.py:76 - files : [{'key': 'documents/432d2fe4-549b-4a4f-98a6-b86aa7aa6828.json', 'size': 172, 'last_modified': '2025-11-03T10:55:23+00:00', 'file_type': 'json'}, {'key': 'documents/6bc02a45-bea2-4e7d-8c41-210e1e4b018e.json', 'size': 172, 'last_modified': '2025-11-03T11:11:51+00:00', 'file_type': 'json'}, {'key': 'documents/9a28a085-3a9a-40a6-bbbe-7a063721029a.json', 'size': 172, 'last_modified': '2025-11-03T11:16:54+00:00', 'file_type': 'json'}, {'key': 'documents/a63b55be-dd4c-4cf3-99ff-4c98d2f74cfe.json', 'size': 172, 'last_modified': '2025-11-03T10:58:26+00:00', 'file_type': 'json'}]
[INFO] - app_logger - document_router.py:82 - lst ---------------------------------: [Document(doc_title='Doc', description='string', content='string', doc_page_count=0, is_valid=True, doc_id='9a28a085-3a9a-40a6-bbbe-7a063721029a', s3_url='documents/9a28a085-3a9a-40a6-bbbe-7a063721029a.json')]
[INFO] - app_logger - document_router.py:36 - credentials : scheme='Bearer' credentials='eyJhbGciOiJIUzI1NiIsInR5cCI6IkpXVCJ9.eyJzdWIiOiJ1c2VybmFtZSIsImV4cCI6MTc2MjE3MDIwMSwidHlwZSI6ImFjY2VzcyJ9.WTx8XNJxwD95nxnKhNwwrDD4SvU2LrjesWDPbo-YCAA'
[INFO] - app_logger - security.py:42 - Token verified successfully
[INFO] - app_logger - document_router.py:36 - credentials : scheme='Bearer' credentials='eyJhbGciOiJIUzI1NiIsInR5cCI6IkpXVCJ9.eyJzdWIiOiJ1c2VybmFtZSIsImV4cCI6MTc2MjE3MDIwMSwidHlwZSI6ImFjY2VzcyJ9.WTx8XNJxwD95nxnKhNwwrDD4SvU2LrjesWDPbo-YCAA'
[INFO] - app_logger - security.py:42 - Token verified successfully
[INFO] - app_logger - main.py:24 - Application shutting down...
[INFO] - app_logger - main.py:20 - All required tables are ready.
[INFO] - app_logger - main.py:21 - Application starting...
[INFO] - app_logger - main.py:24 - Application shutting down...
[INFO] - app_logger - main.py:20 - All required tables are ready.
[INFO] - app_logger - main.py:21 - Application starting...
[INFO] - app_logger - main.py:24 - Application shutting down...
[INFO] - app_logger - main.py:20 - All required tables are ready.
[INFO] - app_logger - main.py:21 - Application starting...
[INFO] - app_logger - main.py:24 - Application shutting down...
[INFO] - app_logger - main.py:20 - All required tables are ready.
[INFO] - app_logger - main.py:21 - Application starting...
[INFO] - app_logger - main.py:24 - Application shutting down...
[INFO] - app_logger - main.py:20 - All required tables are ready.
[INFO] - app_logger - main.py:21 - Application starting...
[INFO] - app_logger - main.py:24 - Application shutting down...
[INFO] - app_logger - main.py:20 - All required tables are ready.
[INFO] - app_logger - main.py:21 - Application starting...
[INFO] - app_logger - main.py:24 - Application shutting down...
[INFO] - app_logger - main.py:20 - All required tables are ready.
[INFO] - app_logger - main.py:21 - Application starting...
[INFO] - app_logger - document_router.py:36 - credentials : scheme='Bearer' credentials='eyJhbGciOiJIUzI1NiIsInR5cCI6IkpXVCJ9.eyJzdWIiOiJ1c2VybmFtZSIsImV4cCI6MTc2MjE3MDIwMSwidHlwZSI6ImFjY2VzcyJ9.WTx8XNJxwD95nxnKhNwwrDD4SvU2LrjesWDPbo-YCAA'
[INFO] - app_logger - security.py:42 - Token verified successfully
[INFO] - app_logger - document_router.py:76 - files : [{'key': 'documents/432d2fe4-549b-4a4f-98a6-b86aa7aa6828.json', 'size': 172, 'last_modified': '2025-11-03T10:55:23+00:00', 'file_type': 'json'}, {'key': 'documents/6bc02a45-bea2-4e7d-8c41-210e1e4b018e.json', 'size': 172, 'last_modified': '2025-11-03T11:11:51+00:00', 'file_type': 'json'}, {'key': 'documents/9a28a085-3a9a-40a6-bbbe-7a063721029a.json', 'size': 172, 'last_modified': '2025-11-03T11:16:54+00:00', 'file_type': 'json'}, {'key': 'documents/a63b55be-dd4c-4cf3-99ff-4c98d2f74cfe.json', 'size': 172, 'last_modified': '2025-11-03T10:58:26+00:00', 'file_type': 'json'}]
[INFO] - app_logger - document_router.py:82 - documents ---------------------------------: [Document(doc_title='Doc', description='string', content='string', doc_page_count=0, is_valid=True, doc_id='9a28a085-3a9a-40a6-bbbe-7a063721029a', s3_url='documents/9a28a085-3a9a-40a6-bbbe-7a063721029a.json')]
[INFO] - app_logger - main.py:24 - Application shutting down...
[INFO] - app_logger - main.py:20 - All required tables are ready.
[INFO] - app_logger - main.py:21 - Application starting...
[INFO] - app_logger - main.py:24 - Application shutting down...
[INFO] - app_logger - main.py:20 - All required tables are ready.
[INFO] - app_logger - main.py:21 - Application starting...
[INFO] - app_logger - main.py:24 - Application shutting down...
[INFO] - app_logger - main.py:20 - All required tables are ready.
[INFO] - app_logger - main.py:21 - Application starting...
[INFO] - app_logger - main.py:24 - Application shutting down...
[INFO] - app_logger - main.py:20 - All required tables are ready.
[INFO] - app_logger - main.py:21 - Application starting...
[INFO] - app_logger - security.py:42 - Token verified successfully
[INFO] - app_logger - security.py:42 - Token verified successfully
[INFO] - app_logger - security.py:20 - Access token created successfully
[INFO] - app_logger - main.py:24 - Application shutting down...
[INFO] - app_logger - main.py:20 - All required tables are ready.
[INFO] - app_logger - main.py:21 - Application starting...
[INFO] - app_logger - main.py:24 - Application shutting down...
[INFO] - app_logger - main.py:20 - All required tables are ready.
[INFO] - app_logger - main.py:21 - Application starting...
[INFO] - app_logger - main.py:24 - Application shutting down...
[INFO] - app_logger - main.py:20 - All required tables are ready.
[INFO] - app_logger - main.py:21 - Application starting...
[INFO] - app_logger - main.py:24 - Application shutting down...
[INFO] - app_logger - main.py:20 - All required tables are ready.
[INFO] - app_logger - main.py:21 - Application starting...
[INFO] - app_logger - main.py:24 - Application shutting down...
[INFO] - app_logger - main.py:20 - All required tables are ready.
[INFO] - app_logger - main.py:21 - Application starting...
[INFO] - app_logger - main.py:24 - Application shutting down...
[INFO] - app_logger - main.py:20 - All required tables are ready.
[INFO] - app_logger - main.py:21 - Application starting...
[INFO] - app_logger - main.py:24 - Application shutting down...
[INFO] - app_logger - main.py:20 - All required tables are ready.
[INFO] - app_logger - main.py:21 - Application starting...
[INFO] - app_logger - main.py:24 - Application shutting down...
[INFO] - app_logger - main.py:20 - All required tables are ready.
[INFO] - app_logger - main.py:21 - Application starting...
[INFO] - app_logger - main.py:20 - All required tables are ready.
[INFO] - app_logger - main.py:21 - Application starting...
[INFO] - app_logger - main.py:24 - Application shutting down...
[INFO] - app_logger - main.py:20 - All required tables are ready.
[INFO] - app_logger - main.py:21 - Application starting...
[INFO] - app_logger - main.py:24 - Application shutting down...
[INFO] - app_logger - main.py:20 - All required tables are ready.
[INFO] - app_logger - main.py:21 - Application starting...
[INFO] - app_logger - main.py:24 - Application shutting down...
[INFO] - app_logger - main.py:20 - All required tables are ready.
[INFO] - app_logger - main.py:21 - Application starting...
[INFO] - app_logger - auth_router.py:24 - login_user
[INFO] - app_logger - security.py:20 - Access token created successfully
[INFO] - app_logger - security.py:32 - Refresh token created successfully
[INFO] - app_logger - document_router.py:36 - credentials : scheme='Bearer' credentials='eyJhbGciOiJIUzI1NiIsInR5cCI6IkpXVCJ9.eyJzdWIiOiJ1c2VybmFtZSIsImV4cCI6MTc2MjE3MTc1NywidHlwZSI6ImFjY2VzcyJ9.Ooq0N1I31k4nvYj0X9Pq4XbJu2xbcPEHjQG_55JX4EA'
[INFO] - app_logger - security.py:42 - Token verified successfully
[INFO] - app_logger - main.py:24 - Application shutting down...
[INFO] - app_logger - main.py:20 - All required tables are ready.
[INFO] - app_logger - main.py:21 - Application starting...
[INFO] - app_logger - main.py:24 - Application shutting down...
[INFO] - app_logger - main.py:20 - All required tables are ready.
[INFO] - app_logger - main.py:21 - Application starting...
[INFO] - app_logger - main.py:24 - Application shutting down...
[INFO] - app_logger - main.py:20 - All required tables are ready.
[INFO] - app_logger - main.py:21 - Application starting...
[INFO] - app_logger - main.py:24 - Application shutting down...
[INFO] - app_logger - main.py:20 - All required tables are ready.
[INFO] - app_logger - main.py:21 - Application starting...
[INFO] - app_logger - main.py:24 - Application shutting down...
[INFO] - app_logger - main.py:20 - All required tables are ready.
[INFO] - app_logger - main.py:21 - Application starting...
[INFO] - app_logger - main.py:20 - All required tables are ready.
[INFO] - app_logger - main.py:21 - Application starting...
[INFO] - app_logger - main.py:24 - Application shutting down...
[INFO] - app_logger - main.py:20 - All required tables are ready.
[INFO] - app_logger - main.py:21 - Application starting...
[INFO] - app_logger - main.py:24 - Application shutting down...
[INFO] - app_logger - main.py:20 - All required tables are ready.
[INFO] - app_logger - main.py:21 - Application starting...
[INFO] - app_logger - main.py:20 - All required tables are ready.
[INFO] - app_logger - main.py:21 - Application starting...
[INFO] - app_logger - main.py:24 - Application shutting down...
[INFO] - app_logger - main.py:20 - All required tables are ready.
[INFO] - app_logger - main.py:21 - Application starting...
[INFO] - app_logger - main.py:24 - Application shutting down...
[INFO] - app_logger - main.py:20 - All required tables are ready.
[INFO] - app_logger - main.py:21 - Application starting...
[INFO] - app_logger - main.py:20 - All required tables are ready.
[INFO] - app_logger - main.py:21 - Application starting...
[INFO] - app_logger - main.py:24 - Application shutting down...
[INFO] - app_logger - main.py:20 - All required tables are ready.
[INFO] - app_logger - main.py:21 - Application starting...
[INFO] - app_logger - main.py:20 - All required tables are ready.
[INFO] - app_logger - main.py:21 - Application starting...
[INFO] - app_logger - main.py:24 - Application shutting down...
[INFO] - app_logger - main.py:20 - All required tables are ready.
[INFO] - app_logger - main.py:21 - Application starting...
[INFO] - app_logger - main.py:24 - Application shutting down...
[INFO] - app_logger - main.py:20 - All required tables are ready.
[INFO] - app_logger - main.py:21 - Application starting...
[INFO] - app_logger - main.py:24 - Application shutting down...
[INFO] - app_logger - main.py:20 - All required tables are ready.
[INFO] - app_logger - main.py:21 - Application starting...
[INFO] - app_logger - main.py:20 - All required tables are ready.
[INFO] - app_logger - main.py:21 - Application starting...
[INFO] - app_logger - main.py:24 - Application shutting down...
[INFO] - app_logger - main.py:20 - All required tables are ready.
[INFO] - app_logger - main.py:21 - Application starting...
[INFO] - app_logger - main.py:24 - Application shutting down...
[INFO] - app_logger - main.py:20 - All required tables are ready.
[INFO] - app_logger - main.py:21 - Application starting...
[INFO] - app_logger - main.py:24 - Application shutting down...
[INFO] - app_logger - main.py:20 - All required tables are ready.
[INFO] - app_logger - main.py:21 - Application starting...
[INFO] - app_logger - main.py:20 - All required tables are ready.
[INFO] - app_logger - main.py:21 - Application starting...
[INFO] - app_logger - main.py:24 - Application shutting down...
[INFO] - app_logger - main.py:20 - All required tables are ready.
[INFO] - app_logger - main.py:21 - Application starting...
[INFO] - app_logger - main.py:20 - All required tables are ready.
[INFO] - app_logger - main.py:21 - Application starting...
[INFO] - app_logger - main.py:20 - All required tables are ready.
[INFO] - app_logger - main.py:21 - Application starting...
[INFO] - app_logger - main.py:20 - All required tables are ready.
[INFO] - app_logger - main.py:21 - Application starting...
[INFO] - app_logger - main.py:20 - All required tables are ready.
[INFO] - app_logger - main.py:21 - Application starting...
[INFO] - app_logger - main.py:20 - All required tables are ready.
[INFO] - app_logger - main.py:21 - Application starting...
[INFO] - app_logger - main.py:20 - All required tables are ready.
[INFO] - app_logger - main.py:21 - Application starting...
[INFO] - app_logger - main.py:20 - All required tables are ready.
[INFO] - app_logger - main.py:21 - Application starting...
[INFO] - app_logger - main.py:24 - Application shutting down...
[INFO] - app_logger - main.py:20 - All required tables are ready.
[INFO] - app_logger - main.py:21 - Application starting...
[INFO] - app_logger - main.py:20 - All required tables are ready.
[INFO] - app_logger - main.py:21 - Application starting...
[INFO] - app_logger - main.py:24 - Application shutting down...
[INFO] - app_logger - main.py:20 - All required tables are ready.
[INFO] - app_logger - main.py:21 - Application starting...
[INFO] - app_logger - main.py:20 - All required tables are ready.
[INFO] - app_logger - main.py:21 - Application starting...
[INFO] - app_logger - main.py:24 - Application shutting down...
[INFO] - app_logger - main.py:20 - All required tables are ready.
[INFO] - app_logger - main.py:21 - Application starting...
[INFO] - app_logger - main.py:24 - Application shutting down...
[INFO] - app_logger - main.py:20 - All required tables are ready.
[INFO] - app_logger - main.py:21 - Application starting...
[INFO] - app_logger - main.py:20 - All required tables are ready.
[INFO] - app_logger - main.py:21 - Application starting...
[INFO] - app_logger - main.py:24 - Application shutting down...
[INFO] - app_logger - main.py:20 - All required tables are ready.
[INFO] - app_logger - main.py:21 - Application starting...
[INFO] - app_logger - main.py:24 - Application shutting down...
[INFO] - app_logger - main.py:20 - All required tables are ready.
[INFO] - app_logger - main.py:21 - Application starting...
[INFO] - app_logger - main.py:20 - All required tables are ready.
[INFO] - app_logger - main.py:21 - Application starting...
[INFO] - app_logger - main.py:20 - All required tables are ready.
[INFO] - app_logger - main.py:21 - Application starting...
[INFO] - app_logger - main.py:24 - Application shutting down...
[INFO] - app_logger - main.py:20 - All required tables are ready.
[INFO] - app_logger - main.py:21 - Application starting...
[INFO] - app_logger - main.py:20 - All required tables are ready.
[INFO] - app_logger - main.py:21 - Application starting...
[INFO] - app_logger - main.py:20 - All required tables are ready.
[INFO] - app_logger - main.py:21 - Application starting...
[INFO] - app_logger - main.py:24 - Application shutting down...
[INFO] - app_logger - main.py:20 - All required tables are ready.
[INFO] - app_logger - main.py:21 - Application starting...
[INFO] - app_logger - main.py:20 - All required tables are ready.
[INFO] - app_logger - main.py:21 - Application starting...
[INFO] - app_logger - main.py:24 - Application shutting down...
[INFO] - app_logger - main.py:20 - All required tables are ready.
[INFO] - app_logger - main.py:21 - Application starting...
[INFO] - app_logger - main.py:20 - All required tables are ready.
[INFO] - app_logger - main.py:21 - Application starting...
[INFO] - app_logger - main.py:24 - Application shutting down...
[INFO] - app_logger - main.py:20 - All required tables are ready.
[INFO] - app_logger - main.py:21 - Application starting...
[INFO] - app_logger - main.py:24 - Application shutting down...
[INFO] - app_logger - main.py:20 - All required tables are ready.
[INFO] - app_logger - main.py:21 - Application starting...
[INFO] - app_logger - main.py:24 - Application shutting down...
[INFO] - app_logger - main.py:20 - All required tables are ready.
[INFO] - app_logger - main.py:21 - Application starting...
[INFO] - app_logger - main.py:20 - All required tables are ready.
[INFO] - app_logger - main.py:21 - Application starting...
[INFO] - app_logger - main.py:24 - Application shutting down...
[INFO] - app_logger - main.py:20 - All required tables are ready.
[INFO] - app_logger - main.py:21 - Application starting...
[INFO] - app_logger - main.py:20 - All required tables are ready.
[INFO] - app_logger - main.py:21 - Application starting...
[INFO] - app_logger - main.py:24 - Application shutting down...
[INFO] - app_logger - main.py:20 - All required tables are ready.
[INFO] - app_logger - main.py:21 - Application starting...
[INFO] - app_logger - main.py:24 - Application shutting down...
[INFO] - app_logger - main.py:20 - All required tables are ready.
[INFO] - app_logger - main.py:21 - Application starting...
[INFO] - app_logger - main.py:20 - All required tables are ready.
[INFO] - app_logger - main.py:21 - Application starting...
[INFO] - app_logger - main.py:20 - All required tables are ready.
[INFO] - app_logger - main.py:21 - Application starting...
[INFO] - app_logger - main.py:24 - Application shutting down...
[INFO] - app_logger - main.py:20 - All required tables are ready.
[INFO] - app_logger - main.py:21 - Application starting...
[INFO] - app_logger - main.py:24 - Application shutting down...
[INFO] - app_logger - main.py:20 - All required tables are ready.
[INFO] - app_logger - main.py:21 - Application starting...
[INFO] - app_logger - main.py:20 - All required tables are ready.
[INFO] - app_logger - main.py:21 - Application starting...
[INFO] - app_logger - main.py:24 - Application shutting down...
[INFO] - app_logger - main.py:20 - All required tables are ready.
[INFO] - app_logger - main.py:21 - Application starting...
[INFO] - app_logger - main.py:24 - Application shutting down...
[INFO] - app_logger - main.py:20 - All required tables are ready.
[INFO] - app_logger - main.py:21 - Application starting...
[INFO] - app_logger - main.py:24 - Application shutting down...
[INFO] - app_logger - main.py:20 - All required tables are ready.
[INFO] - app_logger - main.py:21 - Application starting...
[INFO] - app_logger - main.py:24 - Application shutting down...
[INFO] - app_logger - main.py:20 - All required tables are ready.
[INFO] - app_logger - main.py:21 - Application starting...
[INFO] - app_logger - main.py:24 - Application shutting down...
[INFO] - app_logger - main.py:20 - All required tables are ready.
[INFO] - app_logger - main.py:21 - Application starting...
[INFO] - app_logger - main.py:20 - All required tables are ready.
[INFO] - app_logger - main.py:21 - Application starting...
[INFO] - app_logger - main.py:42 - Root endpoint accessed
[INFO] - app_logger - main.py:24 - Application shutting down...
[INFO] - app_logger - main.py:20 - All required tables are ready.
[INFO] - app_logger - main.py:21 - Application starting...
[INFO] - app_logger - main.py:24 - Application shutting down...
[INFO] - app_logger - main.py:20 - All required tables are ready.
[INFO] - app_logger - main.py:21 - Application starting...
[INFO] - app_logger - main.py:24 - Application shutting down...
[INFO] - app_logger - main.py:20 - All required tables are ready.
[INFO] - app_logger - main.py:21 - Application starting...
[INFO] - app_logger - main.py:20 - All required tables are ready.
[INFO] - app_logger - main.py:21 - Application starting...
[INFO] - app_logger - main.py:24 - Application shutting down...
[INFO] - app_logger - main.py:20 - All required tables are ready.
[INFO] - app_logger - main.py:21 - Application starting...
[INFO] - app_logger - main.py:24 - Application shutting down...
[INFO] - app_logger - main.py:20 - All required tables are ready.
[INFO] - app_logger - main.py:21 - Application starting...
[INFO] - app_logger - main.py:24 - Application shutting down...
[INFO] - app_logger - main.py:20 - All required tables are ready.
[INFO] - app_logger - main.py:21 - Application starting...
[INFO] - app_logger - main.py:24 - Application shutting down...
[INFO] - app_logger - main.py:20 - All required tables are ready.
[INFO] - app_logger - main.py:21 - Application starting...
[INFO] - app_logger - main.py:24 - Application shutting down...
[INFO] - app_logger - main.py:20 - All required tables are ready.
[INFO] - app_logger - main.py:21 - Application starting...
[INFO] - app_logger - main.py:20 - All required tables are ready.
[INFO] - app_logger - main.py:21 - Application starting...
[INFO] - app_logger - main.py:24 - Application shutting down...
[INFO] - app_logger - main.py:20 - All required tables are ready.
[INFO] - app_logger - main.py:21 - Application starting...
[INFO] - app_logger - main.py:24 - Application shutting down...
[INFO] - app_logger - main.py:20 - All required tables are ready.
[INFO] - app_logger - main.py:21 - Application starting...
[INFO] - app_logger - main.py:24 - Application shutting down...
[INFO] - app_logger - main.py:20 - All required tables are ready.
[INFO] - app_logger - main.py:21 - Application starting...
[INFO] - app_logger - main.py:24 - Application shutting down...
[INFO] - app_logger - main.py:20 - All required tables are ready.
[INFO] - app_logger - main.py:21 - Application starting...
[INFO] - app_logger - main.py:24 - Application shutting down...
[INFO] - app_logger - main.py:20 - All required tables are ready.
[INFO] - app_logger - main.py:21 - Application starting...
[INFO] - app_logger - main.py:24 - Application shutting down...
[INFO] - app_logger - main.py:20 - All required tables are ready.
[INFO] - app_logger - main.py:21 - Application starting...
[INFO] - app_logger - main.py:20 - All required tables are ready.
[INFO] - app_logger - main.py:21 - Application starting...
[INFO] - app_logger - main.py:24 - Application shutting down...
[INFO] - app_logger - main.py:24 - Application shutting down...
[INFO] - app_logger - main.py:20 - All required tables are ready.
[INFO] - app_logger - main.py:21 - Application starting...
[INFO] - app_logger - main.py:20 - All required tables are ready.
[INFO] - app_logger - main.py:21 - Application starting...
[INFO] - app_logger - main.py:24 - Application shutting down...
[INFO] - app_logger - main.py:24 - Application shutting down...
[INFO] - app_logger - main.py:20 - All required tables are ready.
[INFO] - app_logger - main.py:21 - Application starting...
[INFO] - app_logger - main.py:20 - All required tables are ready.
[INFO] - app_logger - main.py:21 - Application starting...
[INFO] - app_logger - main.py:24 - Application shutting down...
[INFO] - app_logger - main.py:20 - All required tables are ready.
[INFO] - app_logger - main.py:21 - Application starting...
[INFO] - app_logger - main.py:20 - All required tables are ready.
[INFO] - app_logger - main.py:21 - Application starting...
[INFO] - app_logger - main.py:24 - Application shutting down...
[INFO] - app_logger - main.py:20 - All required tables are ready.
[INFO] - app_logger - main.py:21 - Application starting...
[INFO] - app_logger - main.py:20 - All required tables are ready.
[INFO] - app_logger - main.py:21 - Application starting...
[INFO] - app_logger - security.py:55 -  salt :  b'$2b$12$Fp1RfB4WdwUY0SurDD2KSe'
[INFO] - app_logger - security.py:57 -  hashed :  b'$2b$12$Fp1RfB4WdwUY0SurDD2KSe1yPENMD56doatRiPYA8xSG.DQcjSh2W'
[INFO] - app_logger - security.py:20 - Access token created successfully
[INFO] - app_logger - document_router.py:36 - credentials : scheme='Bearer' credentials='eyJhbGciOiJIUzI1NiIsInR5cCI6IkpXVCJ9.eyJzdWIiOiJ0ZXN0dXNlciIsImV4cCI6MTc2MjE3NzE4MSwidHlwZSI6ImFjY2VzcyJ9.TFzb9M-wJepfg5URQlRl2Po0vJHJzu9cLSVGkgKDYB4'
[INFO] - app_logger - security.py:42 - Token verified successfully
[INFO] - app_logger - security.py:20 - Access token created successfully
[INFO] - app_logger - document_router.py:36 - credentials : scheme='Bearer' credentials='eyJhbGciOiJIUzI1NiIsInR5cCI6IkpXVCJ9.eyJzdWIiOiJ0ZXN0dXNlciIsImV4cCI6MTc2MjE3NzE4MSwidHlwZSI6ImFjY2VzcyJ9.TFzb9M-wJepfg5URQlRl2Po0vJHJzu9cLSVGkgKDYB4'
[INFO] - app_logger - security.py:42 - Token verified successfully
[INFO] - app_logger - security.py:20 - Access token created successfully
[INFO] - app_logger - document_router.py:36 - credentials : scheme='Bearer' credentials='eyJhbGciOiJIUzI1NiIsInR5cCI6IkpXVCJ9.eyJzdWIiOiJ0ZXN0dXNlciIsImV4cCI6MTc2MjE3NzE4MSwidHlwZSI6ImFjY2VzcyJ9.TFzb9M-wJepfg5URQlRl2Po0vJHJzu9cLSVGkgKDYB4'
[INFO] - app_logger - security.py:42 - Token verified successfully
[INFO] - app_logger - security.py:20 - Access token created successfully
[INFO] - app_logger - document_router.py:36 - credentials : scheme='Bearer' credentials='eyJhbGciOiJIUzI1NiIsInR5cCI6IkpXVCJ9.eyJzdWIiOiJ0ZXN0dXNlciIsImV4cCI6MTc2MjE3NzE4MSwidHlwZSI6ImFjY2VzcyJ9.TFzb9M-wJepfg5URQlRl2Po0vJHJzu9cLSVGkgKDYB4'
[INFO] - app_logger - security.py:42 - Token verified successfully
[INFO] - app_logger - security.py:20 - Access token created successfully
[INFO] - app_logger - document_router.py:36 - credentials : scheme='Bearer' credentials='eyJhbGciOiJIUzI1NiIsInR5cCI6IkpXVCJ9.eyJzdWIiOiJ0ZXN0dXNlciIsImV4cCI6MTc2MjE3NzE4MSwidHlwZSI6ImFjY2VzcyJ9.TFzb9M-wJepfg5URQlRl2Po0vJHJzu9cLSVGkgKDYB4'
[INFO] - app_logger - security.py:42 - Token verified successfully
[INFO] - app_logger - security.py:20 - Access token created successfully
[INFO] - app_logger - document_router.py:36 - credentials : scheme='Bearer' credentials='eyJhbGciOiJIUzI1NiIsInR5cCI6IkpXVCJ9.eyJzdWIiOiJ0ZXN0dXNlciIsImV4cCI6MTc2MjE3NzE4MSwidHlwZSI6ImFjY2VzcyJ9.TFzb9M-wJepfg5URQlRl2Po0vJHJzu9cLSVGkgKDYB4'
[INFO] - app_logger - security.py:42 - Token verified successfully
[INFO] - app_logger - security.py:20 - Access token created successfully
[INFO] - app_logger - document_router.py:36 - credentials : scheme='Bearer' credentials='eyJhbGciOiJIUzI1NiIsInR5cCI6IkpXVCJ9.eyJzdWIiOiJ0ZXN0dXNlciIsImV4cCI6MTc2MjE3NzE4MSwidHlwZSI6ImFjY2VzcyJ9.TFzb9M-wJepfg5URQlRl2Po0vJHJzu9cLSVGkgKDYB4'
[INFO] - app_logger - security.py:42 - Token verified successfully
[INFO] - app_logger - security.py:20 - Access token created successfully
[INFO] - app_logger - document_router.py:36 - credentials : scheme='Bearer' credentials='eyJhbGciOiJIUzI1NiIsInR5cCI6IkpXVCJ9.eyJzdWIiOiJ0ZXN0dXNlciIsImV4cCI6MTc2MjE3NzE4MSwidHlwZSI6ImFjY2VzcyJ9.TFzb9M-wJepfg5URQlRl2Po0vJHJzu9cLSVGkgKDYB4'
[INFO] - app_logger - security.py:42 - Token verified successfully
[INFO] - app_logger - security.py:20 - Access token created successfully
[INFO] - app_logger - document_router.py:36 - credentials : scheme='Bearer' credentials='eyJhbGciOiJIUzI1NiIsInR5cCI6IkpXVCJ9.eyJzdWIiOiJ0ZXN0dXNlciIsImV4cCI6MTc2MjE3NzE4MSwidHlwZSI6ImFjY2VzcyJ9.TFzb9M-wJepfg5URQlRl2Po0vJHJzu9cLSVGkgKDYB4'
[INFO] - app_logger - security.py:42 - Token verified successfully
[INFO] - app_logger - main.py:24 - Application shutting down...
[INFO] - app_logger - main.py:24 - Application shutting down...
[INFO] - app_logger - main.py:20 - All required tables are ready.
[INFO] - app_logger - main.py:21 - Application starting...
[INFO] - app_logger - main.py:20 - All required tables are ready.
[INFO] - app_logger - main.py:21 - Application starting...
[INFO] - app_logger - security.py:55 -  salt :  b'$2b$12$aGUPjeT7KxsLnSmdsbAa6e'
[INFO] - app_logger - security.py:57 -  hashed :  b'$2b$12$aGUPjeT7KxsLnSmdsbAa6e3p1JUkIXCnjfAJA4Wim0ZQCjqUOb1E.'
[INFO] - app_logger - security.py:20 - Access token created successfully
[INFO] - app_logger - document_router.py:36 - credentials : scheme='Bearer' credentials='eyJhbGciOiJIUzI1NiIsInR5cCI6IkpXVCJ9.eyJzdWIiOiJ0ZXN0dXNlciIsImV4cCI6MTc2MjE3NzIxMywidHlwZSI6ImFjY2VzcyJ9.H9GOKtwl6raD9C9ftRT4Cm1eI69TBWbVuL-Q6nPfSXM'
[INFO] - app_logger - security.py:42 - Token verified successfully
[INFO] - app_logger - security.py:20 - Access token created successfully
[INFO] - app_logger - document_router.py:36 - credentials : scheme='Bearer' credentials='eyJhbGciOiJIUzI1NiIsInR5cCI6IkpXVCJ9.eyJzdWIiOiJ0ZXN0dXNlciIsImV4cCI6MTc2MjE3NzIxMywidHlwZSI6ImFjY2VzcyJ9.H9GOKtwl6raD9C9ftRT4Cm1eI69TBWbVuL-Q6nPfSXM'
[INFO] - app_logger - security.py:42 - Token verified successfully
[INFO] - app_logger - security.py:20 - Access token created successfully
[INFO] - app_logger - document_router.py:36 - credentials : scheme='Bearer' credentials='eyJhbGciOiJIUzI1NiIsInR5cCI6IkpXVCJ9.eyJzdWIiOiJ0ZXN0dXNlciIsImV4cCI6MTc2MjE3NzIxMywidHlwZSI6ImFjY2VzcyJ9.H9GOKtwl6raD9C9ftRT4Cm1eI69TBWbVuL-Q6nPfSXM'
[INFO] - app_logger - security.py:42 - Token verified successfully
[INFO] - app_logger - security.py:20 - Access token created successfully
[INFO] - app_logger - document_router.py:36 - credentials : scheme='Bearer' credentials='eyJhbGciOiJIUzI1NiIsInR5cCI6IkpXVCJ9.eyJzdWIiOiJ0ZXN0dXNlciIsImV4cCI6MTc2MjE3NzIxMywidHlwZSI6ImFjY2VzcyJ9.H9GOKtwl6raD9C9ftRT4Cm1eI69TBWbVuL-Q6nPfSXM'
[INFO] - app_logger - security.py:42 - Token verified successfully
[INFO] - app_logger - security.py:20 - Access token created successfully
[INFO] - app_logger - document_router.py:36 - credentials : scheme='Bearer' credentials='eyJhbGciOiJIUzI1NiIsInR5cCI6IkpXVCJ9.eyJzdWIiOiJ0ZXN0dXNlciIsImV4cCI6MTc2MjE3NzIxMywidHlwZSI6ImFjY2VzcyJ9.H9GOKtwl6raD9C9ftRT4Cm1eI69TBWbVuL-Q6nPfSXM'
[INFO] - app_logger - security.py:42 - Token verified successfully
[INFO] - app_logger - security.py:20 - Access token created successfully
[INFO] - app_logger - document_router.py:36 - credentials : scheme='Bearer' credentials='eyJhbGciOiJIUzI1NiIsInR5cCI6IkpXVCJ9.eyJzdWIiOiJ0ZXN0dXNlciIsImV4cCI6MTc2MjE3NzIxMywidHlwZSI6ImFjY2VzcyJ9.H9GOKtwl6raD9C9ftRT4Cm1eI69TBWbVuL-Q6nPfSXM'
[INFO] - app_logger - security.py:42 - Token verified successfully
[INFO] - app_logger - security.py:20 - Access token created successfully
[INFO] - app_logger - document_router.py:36 - credentials : scheme='Bearer' credentials='eyJhbGciOiJIUzI1NiIsInR5cCI6IkpXVCJ9.eyJzdWIiOiJ0ZXN0dXNlciIsImV4cCI6MTc2MjE3NzIxMywidHlwZSI6ImFjY2VzcyJ9.H9GOKtwl6raD9C9ftRT4Cm1eI69TBWbVuL-Q6nPfSXM'
[INFO] - app_logger - security.py:42 - Token verified successfully
[INFO] - app_logger - security.py:20 - Access token created successfully
[INFO] - app_logger - document_router.py:36 - credentials : scheme='Bearer' credentials='eyJhbGciOiJIUzI1NiIsInR5cCI6IkpXVCJ9.eyJzdWIiOiJ0ZXN0dXNlciIsImV4cCI6MTc2MjE3NzIxMywidHlwZSI6ImFjY2VzcyJ9.H9GOKtwl6raD9C9ftRT4Cm1eI69TBWbVuL-Q6nPfSXM'
[INFO] - app_logger - security.py:42 - Token verified successfully
[INFO] - app_logger - security.py:20 - Access token created successfully
[INFO] - app_logger - document_router.py:36 - credentials : scheme='Bearer' credentials='eyJhbGciOiJIUzI1NiIsInR5cCI6IkpXVCJ9.eyJzdWIiOiJ0ZXN0dXNlciIsImV4cCI6MTc2MjE3NzIxMywidHlwZSI6ImFjY2VzcyJ9.H9GOKtwl6raD9C9ftRT4Cm1eI69TBWbVuL-Q6nPfSXM'
[INFO] - app_logger - security.py:42 - Token verified successfully
[INFO] - app_logger - main.py:24 - Application shutting down...
[INFO] - app_logger - main.py:24 - Application shutting down...
[INFO] - app_logger - main.py:20 - All required tables are ready.
[INFO] - app_logger - main.py:21 - Application starting...
[INFO] - app_logger - main.py:20 - All required tables are ready.
[INFO] - app_logger - main.py:21 - Application starting...
[INFO] - app_logger - main.py:24 - Application shutting down...
[INFO] - app_logger - main.py:24 - Application shutting down...
[INFO] - app_logger - main.py:20 - All required tables are ready.
[INFO] - app_logger - main.py:21 - Application starting...
[INFO] - app_logger - main.py:20 - All required tables are ready.
[INFO] - app_logger - main.py:21 - Application starting...
[INFO] - app_logger - main.py:24 - Application shutting down...
[INFO] - app_logger - main.py:24 - Application shutting down...
[INFO] - app_logger - main.py:20 - All required tables are ready.
[INFO] - app_logger - main.py:21 - Application starting...
[INFO] - app_logger - main.py:20 - All required tables are ready.
[INFO] - app_logger - main.py:21 - Application starting...
[INFO] - app_logger - main.py:20 - All required tables are ready.
[INFO] - app_logger - main.py:21 - Application starting...
[INFO] - app_logger - main.py:20 - All required tables are ready.
[INFO] - app_logger - main.py:21 - Application starting...
[INFO] - app_logger - main.py:24 - Application shutting down...
[INFO] - app_logger - main.py:20 - All required tables are ready.
[INFO] - app_logger - main.py:21 - Application starting...
[INFO] - app_logger - main.py:20 - All required tables are ready.
[INFO] - app_logger - main.py:21 - Application starting...
[INFO] - app_logger - main.py:24 - Application shutting down...
[INFO] - app_logger - main.py:20 - All required tables are ready.
[INFO] - app_logger - main.py:21 - Application starting...
[INFO] - app_logger - main.py:20 - All required tables are ready.
[INFO] - app_logger - main.py:21 - Application starting...
[INFO] - app_logger - main.py:24 - Application shutting down...
[INFO] - app_logger - main.py:24 - Application shutting down...
[INFO] - app_logger - main.py:20 - All required tables are ready.
[INFO] - app_logger - main.py:21 - Application starting...
[INFO] - app_logger - main.py:20 - All required tables are ready.
[INFO] - app_logger - main.py:21 - Application starting...
[INFO] - app_logger - main.py:24 - Application shutting down...
[INFO] - app_logger - main.py:24 - Application shutting down...
[INFO] - app_logger - main.py:20 - All required tables are ready.
[INFO] - app_logger - main.py:21 - Application starting...
[INFO] - app_logger - main.py:20 - All required tables are ready.
[INFO] - app_logger - main.py:21 - Application starting...
[INFO] - app_logger - main.py:24 - Application shutting down...
[INFO] - app_logger - main.py:20 - All required tables are ready.
[INFO] - app_logger - main.py:21 - Application starting...
[INFO] - app_logger - main.py:20 - All required tables are ready.
[INFO] - app_logger - main.py:21 - Application starting...
[INFO] - app_logger - main.py:24 - Application shutting down...
[INFO] - app_logger - main.py:24 - Application shutting down...
[INFO] - app_logger - main.py:20 - All required tables are ready.
[INFO] - app_logger - main.py:21 - Application starting...
[INFO] - app_logger - main.py:20 - All required tables are ready.
[INFO] - app_logger - main.py:21 - Application starting...
[INFO] - app_logger - main.py:24 - Application shutting down...
[INFO] - app_logger - main.py:24 - Application shutting down...
[INFO] - app_logger - main.py:20 - All required tables are ready.
[INFO] - app_logger - main.py:20 - All required tables are ready.
[INFO] - app_logger - main.py:21 - Application starting...
[INFO] - app_logger - main.py:21 - Application starting...
[INFO] - app_logger - main.py:24 - Application shutting down...
[INFO] - app_logger - main.py:20 - All required tables are ready.
[INFO] - app_logger - main.py:21 - Application starting...
[INFO] - app_logger - main.py:20 - All required tables are ready.
[INFO] - app_logger - main.py:21 - Application starting...
[INFO] - app_logger - main.py:24 - Application shutting down...
[INFO] - app_logger - main.py:24 - Application shutting down...
[INFO] - app_logger - main.py:20 - All required tables are ready.
[INFO] - app_logger - main.py:21 - Application starting...
[INFO] - app_logger - main.py:20 - All required tables are ready.
[INFO] - app_logger - main.py:21 - Application starting...
[INFO] - app_logger - main.py:24 - Application shutting down...
[INFO] - app_logger - main.py:24 - Application shutting down...
[INFO] - app_logger - main.py:20 - All required tables are ready.
[INFO] - app_logger - main.py:21 - Application starting...
[INFO] - app_logger - main.py:20 - All required tables are ready.
[INFO] - app_logger - main.py:21 - Application starting...
[INFO] - app_logger - main.py:20 - All required tables are ready.
[INFO] - app_logger - main.py:21 - Application starting...
[INFO] - app_logger - main.py:20 - All required tables are ready.
[INFO] - app_logger - main.py:21 - Application starting...
[INFO] - app_logger - main.py:24 - Application shutting down...
[INFO] - app_logger - main.py:24 - Application shutting down...
[INFO] - app_logger - main.py:20 - All required tables are ready.
[INFO] - app_logger - main.py:21 - Application starting...
[INFO] - app_logger - main.py:20 - All required tables are ready.
[INFO] - app_logger - main.py:21 - Application starting...
[INFO] - app_logger - main.py:24 - Application shutting down...
[INFO] - app_logger - main.py:24 - Application shutting down...
[INFO] - app_logger - main.py:20 - All required tables are ready.
[INFO] - app_logger - main.py:21 - Application starting...
[INFO] - app_logger - main.py:20 - All required tables are ready.
[INFO] - app_logger - main.py:21 - Application starting...
[INFO] - app_logger - main.py:24 - Application shutting down...
[INFO] - app_logger - main.py:24 - Application shutting down...
[INFO] - app_logger - main.py:20 - All required tables are ready.
[INFO] - app_logger - main.py:21 - Application starting...
[INFO] - app_logger - main.py:20 - All required tables are ready.
[INFO] - app_logger - main.py:21 - Application starting...
[INFO] - app_logger - main.py:20 - All required tables are ready.
[INFO] - app_logger - main.py:21 - Application starting...
[INFO] - app_logger - main.py:20 - All required tables are ready.
[INFO] - app_logger - main.py:21 - Application starting...
[INFO] - app_logger - main.py:20 - All required tables are ready.
[INFO] - app_logger - main.py:21 - Application starting...
[INFO] - app_logger - main.py:20 - All required tables are ready.
[INFO] - app_logger - main.py:21 - Application starting...
[INFO] - app_logger - main.py:24 - Application shutting down...
[INFO] - app_logger - main.py:24 - Application shutting down...
[INFO] - app_logger - main.py:20 - All required tables are ready.
[INFO] - app_logger - main.py:21 - Application starting...
[INFO] - app_logger - main.py:20 - All required tables are ready.
[INFO] - app_logger - main.py:21 - Application starting...
[INFO] - app_logger - main.py:24 - Application shutting down...
[INFO] - app_logger - main.py:24 - Application shutting down...
[INFO] - app_logger - main.py:20 - All required tables are ready.
[INFO] - app_logger - main.py:21 - Application starting...
[INFO] - app_logger - main.py:20 - All required tables are ready.
[INFO] - app_logger - main.py:21 - Application starting...
[INFO] - app_logger - security.py:55 -  salt :  b'$2b$12$VOz1z70qbUz.4oPFp9ndve'
[INFO] - app_logger - security.py:57 -  hashed :  b'$2b$12$VOz1z70qbUz.4oPFp9ndvemGeCG2gsvA.C1imh2DHTLTfeCwKSGwa'
[INFO] - app_logger - security.py:20 - Access token created successfully
[INFO] - app_logger - document_router.py:36 - credentials : scheme='Bearer' credentials='eyJhbGciOiJIUzI1NiIsInR5cCI6IkpXVCJ9.eyJzdWIiOiJ0ZXN0dXNlciIsImV4cCI6MTc2MjE3ODE0MywidHlwZSI6ImFjY2VzcyJ9.F99U6eh5GAhTfN9AOogj05uEPFaRe2ixF4K2V8DmzZs'
[INFO] - app_logger - security.py:42 - Token verified successfully
[INFO] - app_logger - security.py:20 - Access token created successfully
[INFO] - app_logger - document_router.py:36 - credentials : scheme='Bearer' credentials='eyJhbGciOiJIUzI1NiIsInR5cCI6IkpXVCJ9.eyJzdWIiOiJ0ZXN0dXNlciIsImV4cCI6MTc2MjE3ODE0MywidHlwZSI6ImFjY2VzcyJ9.F99U6eh5GAhTfN9AOogj05uEPFaRe2ixF4K2V8DmzZs'
[INFO] - app_logger - security.py:42 - Token verified successfully
[INFO] - app_logger - security.py:20 - Access token created successfully
[INFO] - app_logger - document_router.py:36 - credentials : scheme='Bearer' credentials='eyJhbGciOiJIUzI1NiIsInR5cCI6IkpXVCJ9.eyJzdWIiOiJ0ZXN0dXNlciIsImV4cCI6MTc2MjE3ODE0MywidHlwZSI6ImFjY2VzcyJ9.F99U6eh5GAhTfN9AOogj05uEPFaRe2ixF4K2V8DmzZs'
[INFO] - app_logger - security.py:42 - Token verified successfully
[INFO] - app_logger - security.py:20 - Access token created successfully
[INFO] - app_logger - document_router.py:36 - credentials : scheme='Bearer' credentials='eyJhbGciOiJIUzI1NiIsInR5cCI6IkpXVCJ9.eyJzdWIiOiJ0ZXN0dXNlciIsImV4cCI6MTc2MjE3ODE0MywidHlwZSI6ImFjY2VzcyJ9.F99U6eh5GAhTfN9AOogj05uEPFaRe2ixF4K2V8DmzZs'
[INFO] - app_logger - security.py:42 - Token verified successfully
[INFO] - app_logger - security.py:20 - Access token created successfully
[INFO] - app_logger - document_router.py:36 - credentials : scheme='Bearer' credentials='eyJhbGciOiJIUzI1NiIsInR5cCI6IkpXVCJ9.eyJzdWIiOiJ0ZXN0dXNlciIsImV4cCI6MTc2MjE3ODE0MywidHlwZSI6ImFjY2VzcyJ9.F99U6eh5GAhTfN9AOogj05uEPFaRe2ixF4K2V8DmzZs'
[INFO] - app_logger - security.py:42 - Token verified successfully
[INFO] - app_logger - security.py:20 - Access token created successfully
[INFO] - app_logger - document_router.py:36 - credentials : scheme='Bearer' credentials='eyJhbGciOiJIUzI1NiIsInR5cCI6IkpXVCJ9.eyJzdWIiOiJ0ZXN0dXNlciIsImV4cCI6MTc2MjE3ODE0MywidHlwZSI6ImFjY2VzcyJ9.F99U6eh5GAhTfN9AOogj05uEPFaRe2ixF4K2V8DmzZs'
[INFO] - app_logger - security.py:42 - Token verified successfully
[INFO] - app_logger - security.py:20 - Access token created successfully
[INFO] - app_logger - document_router.py:36 - credentials : scheme='Bearer' credentials='eyJhbGciOiJIUzI1NiIsInR5cCI6IkpXVCJ9.eyJzdWIiOiJ0ZXN0dXNlciIsImV4cCI6MTc2MjE3ODE0MywidHlwZSI6ImFjY2VzcyJ9.F99U6eh5GAhTfN9AOogj05uEPFaRe2ixF4K2V8DmzZs'
[INFO] - app_logger - security.py:42 - Token verified successfully
[INFO] - app_logger - security.py:20 - Access token created successfully
[INFO] - app_logger - document_router.py:36 - credentials : scheme='Bearer' credentials='eyJhbGciOiJIUzI1NiIsInR5cCI6IkpXVCJ9.eyJzdWIiOiJ0ZXN0dXNlciIsImV4cCI6MTc2MjE3ODE0MywidHlwZSI6ImFjY2VzcyJ9.F99U6eh5GAhTfN9AOogj05uEPFaRe2ixF4K2V8DmzZs'
[INFO] - app_logger - security.py:42 - Token verified successfully
[INFO] - app_logger - security.py:20 - Access token created successfully
[INFO] - app_logger - document_router.py:36 - credentials : scheme='Bearer' credentials='eyJhbGciOiJIUzI1NiIsInR5cCI6IkpXVCJ9.eyJzdWIiOiJ0ZXN0dXNlciIsImV4cCI6MTc2MjE3ODE0MywidHlwZSI6ImFjY2VzcyJ9.F99U6eh5GAhTfN9AOogj05uEPFaRe2ixF4K2V8DmzZs'
[INFO] - app_logger - security.py:42 - Token verified successfully
[INFO] - app_logger - security.py:20 - Access token created successfully
[INFO] - app_logger - document_router.py:36 - credentials : scheme='Bearer' credentials='eyJhbGciOiJIUzI1NiIsInR5cCI6IkpXVCJ9.eyJzdWIiOiJ0ZXN0dXNlciIsImV4cCI6MTc2MjE3ODE0MywidHlwZSI6ImFjY2VzcyJ9.F99U6eh5GAhTfN9AOogj05uEPFaRe2ixF4K2V8DmzZs'
[INFO] - app_logger - security.py:42 - Token verified successfully
[INFO] - app_logger - security.py:20 - Access token created successfully
[INFO] - app_logger - document_router.py:36 - credentials : scheme='Bearer' credentials='eyJhbGciOiJIUzI1NiIsInR5cCI6IkpXVCJ9.eyJzdWIiOiJ0ZXN0dXNlciIsImV4cCI6MTc2MjE3ODE0MywidHlwZSI6ImFjY2VzcyJ9.F99U6eh5GAhTfN9AOogj05uEPFaRe2ixF4K2V8DmzZs'
[INFO] - app_logger - security.py:42 - Token verified successfully
[INFO] - app_logger - security.py:20 - Access token created successfully
[INFO] - app_logger - document_router.py:36 - credentials : scheme='Bearer' credentials='eyJhbGciOiJIUzI1NiIsInR5cCI6IkpXVCJ9.eyJzdWIiOiJ0ZXN0dXNlciIsImV4cCI6MTc2MjE3ODE0MywidHlwZSI6ImFjY2VzcyJ9.F99U6eh5GAhTfN9AOogj05uEPFaRe2ixF4K2V8DmzZs'
[INFO] - app_logger - security.py:42 - Token verified successfully
[INFO] - app_logger - security.py:20 - Access token created successfully
[INFO] - app_logger - document_router.py:36 - credentials : scheme='Bearer' credentials='eyJhbGciOiJIUzI1NiIsInR5cCI6IkpXVCJ9.eyJzdWIiOiJ0ZXN0dXNlciIsImV4cCI6MTc2MjE3ODE0MywidHlwZSI6ImFjY2VzcyJ9.F99U6eh5GAhTfN9AOogj05uEPFaRe2ixF4K2V8DmzZs'
[INFO] - app_logger - security.py:42 - Token verified successfully
[INFO] - app_logger - security.py:20 - Access token created successfully
[INFO] - app_logger - document_router.py:36 - credentials : scheme='Bearer' credentials='eyJhbGciOiJIUzI1NiIsInR5cCI6IkpXVCJ9.eyJzdWIiOiJ0ZXN0dXNlciIsImV4cCI6MTc2MjE3ODE0MywidHlwZSI6ImFjY2VzcyJ9.F99U6eh5GAhTfN9AOogj05uEPFaRe2ixF4K2V8DmzZs'
[INFO] - app_logger - security.py:42 - Token verified successfully
[INFO] - app_logger - security.py:20 - Access token created successfully
[INFO] - app_logger - document_router.py:36 - credentials : scheme='Bearer' credentials='eyJhbGciOiJIUzI1NiIsInR5cCI6IkpXVCJ9.eyJzdWIiOiJ0ZXN0dXNlciIsImV4cCI6MTc2MjE3ODE0MywidHlwZSI6ImFjY2VzcyJ9.F99U6eh5GAhTfN9AOogj05uEPFaRe2ixF4K2V8DmzZs'
[INFO] - app_logger - security.py:42 - Token verified successfully
[INFO] - app_logger - security.py:20 - Access token created successfully
[INFO] - app_logger - document_router.py:36 - credentials : scheme='Bearer' credentials='eyJhbGciOiJIUzI1NiIsInR5cCI6IkpXVCJ9.eyJzdWIiOiJ0ZXN0dXNlciIsImV4cCI6MTc2MjE3ODE0MywidHlwZSI6ImFjY2VzcyJ9.F99U6eh5GAhTfN9AOogj05uEPFaRe2ixF4K2V8DmzZs'
[INFO] - app_logger - security.py:42 - Token verified successfully
[INFO] - app_logger - security.py:20 - Access token created successfully
[INFO] - app_logger - document_router.py:36 - credentials : scheme='Bearer' credentials='eyJhbGciOiJIUzI1NiIsInR5cCI6IkpXVCJ9.eyJzdWIiOiJ0ZXN0dXNlciIsImV4cCI6MTc2MjE3ODE0MywidHlwZSI6ImFjY2VzcyJ9.F99U6eh5GAhTfN9AOogj05uEPFaRe2ixF4K2V8DmzZs'
[INFO] - app_logger - security.py:42 - Token verified successfully
[INFO] - app_logger - security.py:20 - Access token created successfully
[INFO] - app_logger - document_router.py:36 - credentials : scheme='Bearer' credentials='eyJhbGciOiJIUzI1NiIsInR5cCI6IkpXVCJ9.eyJzdWIiOiJ0ZXN0dXNlciIsImV4cCI6MTc2MjE3ODE0MywidHlwZSI6ImFjY2VzcyJ9.F99U6eh5GAhTfN9AOogj05uEPFaRe2ixF4K2V8DmzZs'
[INFO] - app_logger - security.py:42 - Token verified successfully
[INFO] - app_logger - security.py:20 - Access token created successfully
[INFO] - app_logger - document_router.py:36 - credentials : scheme='Bearer' credentials='eyJhbGciOiJIUzI1NiIsInR5cCI6IkpXVCJ9.eyJzdWIiOiJ0ZXN0dXNlciIsImV4cCI6MTc2MjE3ODE0MywidHlwZSI6ImFjY2VzcyJ9.F99U6eh5GAhTfN9AOogj05uEPFaRe2ixF4K2V8DmzZs'
[INFO] - app_logger - security.py:42 - Token verified successfully
[INFO] - app_logger - security.py:20 - Access token created successfully
[INFO] - app_logger - document_router.py:36 - credentials : scheme='Bearer' credentials='eyJhbGciOiJIUzI1NiIsInR5cCI6IkpXVCJ9.eyJzdWIiOiJ0ZXN0dXNlciIsImV4cCI6MTc2MjE3ODE0MywidHlwZSI6ImFjY2VzcyJ9.F99U6eh5GAhTfN9AOogj05uEPFaRe2ixF4K2V8DmzZs'
[INFO] - app_logger - security.py:42 - Token verified successfully
[INFO] - app_logger - main.py:24 - Application shutting down...
[INFO] - app_logger - main.py:24 - Application shutting down...
[INFO] - app_logger - main.py:20 - All required tables are ready.
[INFO] - app_logger - main.py:21 - Application starting...
[INFO] - app_logger - main.py:20 - All required tables are ready.
[INFO] - app_logger - main.py:21 - Application starting...
[INFO] - app_logger - main.py:24 - Application shutting down...
[INFO] - app_logger - main.py:24 - Application shutting down...
[INFO] - app_logger - main.py:20 - All required tables are ready.
[INFO] - app_logger - main.py:21 - Application starting...
[INFO] - app_logger - main.py:20 - All required tables are ready.
[INFO] - app_logger - main.py:21 - Application starting...
[INFO] - app_logger - main.py:24 - Application shutting down...
[INFO] - app_logger - main.py:24 - Application shutting down...
[INFO] - app_logger - main.py:20 - All required tables are ready.
[INFO] - app_logger - main.py:21 - Application starting...
[INFO] - app_logger - main.py:20 - All required tables are ready.
[INFO] - app_logger - main.py:21 - Application starting...
[INFO] - app_logger - main.py:24 - Application shutting down...
[INFO] - app_logger - main.py:24 - Application shutting down...
[INFO] - app_logger - main.py:20 - All required tables are ready.
[INFO] - app_logger - main.py:21 - Application starting...
[INFO] - app_logger - main.py:20 - All required tables are ready.
[INFO] - app_logger - main.py:21 - Application starting...
[INFO] - app_logger - main.py:24 - Application shutting down...
[INFO] - app_logger - main.py:24 - Application shutting down...
[INFO] - app_logger - main.py:20 - All required tables are ready.
[INFO] - app_logger - main.py:21 - Application starting...
[INFO] - app_logger - main.py:20 - All required tables are ready.
[INFO] - app_logger - main.py:21 - Application starting...
[INFO] - app_logger - main.py:24 - Application shutting down...
[INFO] - app_logger - main.py:24 - Application shutting down...
[INFO] - app_logger - main.py:20 - All required tables are ready.
[INFO] - app_logger - main.py:21 - Application starting...
[INFO] - app_logger - main.py:20 - All required tables are ready.
[INFO] - app_logger - main.py:21 - Application starting...
